// Jest Snapshot v1, https://goo.gl/fbAQLP

exports[`Page renders correctly 1`] = `
<div
  className="page"
>
  <div
    className="page__inner"
  >
    <h4
      className="page__title"
    >
      test
    </h4>
    <div
      className="page__body"
    >
      test
    </div>
  </div>
</div>
`;
