// Jest Snapshot v1, https://goo.gl/fbAQLP

exports[`CategoryTemplate renders correctly 1`] = `
<div
  className="layout"
>
  <div
    className="topbar"
  >
    <div
      className="topbar__inner"
    >
      <div
        className="author"
      >
        <span
          className="author__title"
        >
          <a
            className="author__title-link"
            href="/"
          >
            Test name
          </a>
        </span>
      </div>
      <nav
        className="menu"
      >
        <a
          className="menu__list-item-link"
          href="/test/1/"
        >
          Test label 1
        </a>
        <a
          className="menu__list-item-link"
          href="/test/2/"
        >
          Test label 2
        </a>
        <a
          className="menu__list-item-link"
          href="/test/3/"
        >
          Test label 3
        </a>
      </nav>
    </div>
  </div>
  <div
    className="page"
  >
    <div
      className="page__inner"
    >
      <h4
        className="page__title"
      >
        Articles in the test category
      </h4>
      <div
        className="page__body"
      >
        <div
          className="feed"
        >
          <div
            className="feed__item"
          >
            <div
              className="feed__item-meta"
            >
              <time
                className="feed__item-meta-time"
                dateTime="Sep 01, 2016"
              >
                Sep
                 
                2016
              </time>
              <div
                className="feed__item-inner"
              >
                <span
                  className="feed__item-title"
                >
                  <a
                    className="feed__item-title-link"
                    href="/test_0"
                  >
                    test_0
                  </a>
                </span>
                <span
                  className="feed__item-meta-divider"
                />
                <span
                  className="feed__item-meta-category"
                >
                  <a
                    className="feed__item-meta-category-link"
                    href="/test"
                  >
                    test
                  </a>
                </span>
              </div>
            </div>
          </div>
          <div
            className="feed__item"
          >
            <div
              className="feed__item-meta"
            >
              <time
                className="feed__item-meta-time"
                dateTime="Sep 01, 2016"
              >
                Sep
                 
                2016
              </time>
              <div
                className="feed__item-inner"
              >
                <span
                  className="feed__item-title"
                >
                  <a
                    className="feed__item-title-link"
                    href="/test_1"
                  >
                    test_1
                  </a>
                </span>
                <span
                  className="feed__item-meta-divider"
                />
                <span
                  className="feed__item-meta-category"
                >
                  <a
                    className="feed__item-meta-category-link"
                    href="/test"
                  >
                    test
                  </a>
                </span>
              </div>
            </div>
          </div>
        </div>
      </div>
    </div>
  </div>
  <div
    className="footer"
  >
    <div
      className="footer__inner"
    >
      <div
        className="footer__copyright"
      >
        <div
          className="copyright"
        >
          Test copyright
        </div>
      </div>
      <div
        className="footer__daily"
      >
        <div
          className="daily"
        >
          Happy Thursday. â˜•
        </div>
      </div>
    </div>
  </div>
</div>
`;
