// Jest Snapshot v1, https://goo.gl/fbAQLP

exports[`NotFoundTemplate renders correctly 1`] = `
<div
  className="layout"
>
  <div
    className="topbar"
  >
    <div
      className="topbar__inner"
    >
      <div
        className="author"
      >
        <span
          className="author__title"
        >
          <a
            className="author__title-link"
            href="/"
          >
            Test name
          </a>
        </span>
      </div>
      <nav
        className="menu"
      >
        <a
          className="menu__list-item-link"
          href="//test/1/"
        >
          Test label 1
        </a>
        <a
          className="menu__list-item-link"
          href="//test/2/"
        >
          Test label 2
        </a>
        <a
          className="menu__list-item-link"
          href="//test/3/"
        >
          Test label 3
        </a>
      </nav>
    </div>
  </div>
  <div
    className="page"
  >
    <div
      className="page__inner"
    >
      <h4
        className="page__title"
      >
        NOT FOUND
      </h4>
      <div
        className="page__body"
      >
        <p>
          Sorry, the content you are trying to find is not here.
        </p>
        <p>
          If you feel like there should be something here, please 
          <a
            href="/#contact"
          >
            contact me
          </a>
          .
        </p>
      </div>
    </div>
  </div>
  <div
    className="footer"
  >
    <div
      className="footer__inner"
    >
      <div
        className="footer__copyright"
      >
        <div
          className="copyright"
        >
          Test copyright
        </div>
      </div>
      <div
        className="footer__daily"
      >
        <div
          className="daily"
        >
          Happy Thursday. â˜•
        </div>
      </div>
    </div>
  </div>
</div>
`;
