// Jest Snapshot v1, https://goo.gl/fbAQLP

exports[`Feed renders correctly 1`] = `
<div
  className="feed"
>
  <div
    className="feed__item"
  >
    <div
      className="feed__item-meta"
    >
      <time
        className="feed__item-meta-time"
        dateTime="September 1, 2016"
      >
        Sep 2016
      </time>
      <div
        className="feed__item-inner"
      >
        <span
          className="feed__item-title"
        >
          <a
            className="feed__item-title-link"
            href="/test_0"
          >
            test_0
          </a>
        </span>
        <span
          className="feed__item-meta-divider"
        />
        <span
          className="feed__item-meta-category"
        >
          <a
            className="feed__item-meta-category-link"
            href="/test_0"
          >
            test_0
          </a>
        </span>
      </div>
    </div>
  </div>
  <div
    className="feed__item"
  >
    <div
      className="feed__item-meta"
    >
      <time
        className="feed__item-meta-time"
        dateTime="September 1, 2016"
      >
        Sep 2016
      </time>
      <div
        className="feed__item-inner"
      >
        <span
          className="feed__item-title"
        >
          <a
            className="feed__item-title-link"
            href="/test_1"
          >
            test_1
          </a>
        </span>
        <span
          className="feed__item-meta-divider"
        />
        <span
          className="feed__item-meta-category"
        >
          <a
            className="feed__item-meta-category-link"
            href="/test_1"
          >
            test_1
          </a>
        </span>
      </div>
    </div>
  </div>
</div>
`;
